Starting up http-server, serving frontend/dist/frontend

http-server version: 14.1.1

http-server settings: 
CORS: disabled
Cache: -1 seconds
Connection Timeout: 120 seconds
Directory Listings: visible
AutoIndex: visible
Serve GZIP Files: false
Serve Brotli Files: false
Default File Extension: none

Available on:
  http://127.0.0.1:4200
Hit CTRL-C to stop the server

[2026-08-15T13:53:06.593Z]  "GET /" "Mozilla/5.0 (Windows NT; Windows NT 10.0; es-ES) WindowsPowerShell/5.1.26100.8875"
[2026-08-15T13:53:42.067Z]  "GET /" "Mozilla/5.0 (Windows NT; Windows NT 10.0; es-ES) WindowsPowerShell/5.1.26100.8875"
[2026-08-15T14:07:53.559Z]  "GET /" "Mozilla/5.0 (Windows NT 10.0; Win64; x64) AppleWebKit/537.36 (KHTML, like Gecko) Code/1.133.0 Chrome/148.0.7778.280 Electron/42.8.0 Safari/537.36"
[2026-08-15T14:07:53.770Z]  "GET /styles.css" "Mozilla/5.0 (Windows NT 10.0; Win64; x64) AppleWebKit/537.36 (KHTML, like Gecko) Code/1.133.0 Chrome/148.0.7778.280 Electron/42.8.0 Safari/537.36"
[2026-08-15T14:07:53.772Z]  "GET /runtime.js" "Mozilla/5.0 (Windows NT 10.0; Win64; x64) AppleWebKit/537.36 (KHTML, like Gecko) Code/1.133.0 Chrome/148.0.7778.280 Electron/42.8.0 Safari/537.36"
[2026-08-15T14:07:53.855Z]  "GET /polyfills.js" "Mozilla/5.0 (Windows NT 10.0; Win64; x64) AppleWebKit/537.36 (KHTML, like Gecko) Code/1.133.0 Chrome/148.0.7778.280 Electron/42.8.0 Safari/537.36"
[2026-08-15T14:07:53.857Z]  "GET /vendor.js" "Mozilla/5.0 (Windows NT 10.0; Win64; x64) AppleWebKit/537.36 (KHTML, like Gecko) Code/1.133.0 Chrome/148.0.7778.280 Electron/42.8.0 Safari/537.36"
[2026-08-15T14:07:54.803Z]  "GET /main.js" "Mozilla/5.0 (Windows NT 10.0; Win64; x64) AppleWebKit/537.36 (KHTML, like Gecko) Code/1.133.0 Chrome/148.0.7778.280 Electron/42.8.0 Safari/537.36"
[2026-08-15T14:07:55.829Z]  "GET /favicon.ico" "Mozilla/5.0 (Windows NT 10.0; Win64; x64) AppleWebKit/537.36 (KHTML, like Gecko) Code/1.133.0 Chrome/148.0.7778.280 Electron/42.8.0 Safari/537.36"
[2026-08-15T14:16:08.132Z]  "GET /" "Mozilla/5.0 (Windows NT; Windows NT 10.0; es-ES) WindowsPowerShell/5.1.26100.8875"
[2026-08-15T14:16:08.174Z]  "GET /main.js" "Mozilla/5.0 (Windows NT; Windows NT 10.0; es-ES) WindowsPowerShell/5.1.26100.8875"
